// Jest Snapshot v1, https://goo.gl/fbAQLP

exports[`NavBar renders correctly to match the NavBar snapshot 1`] = `
<DocumentFragment>
  <div
    class="navbar"
  >
    <img
      alt="logo"
      class="navbar-logo"
      src="MyLogo.png"
    />
    <h2>
      Surreal Estate
    </h2>
    <ul
      class="navbar-links"
    >
      <li
        class="navbar-links-item"
      >
        <a
          href="/"
        >
          View Properties
        </a>
      </li>
      <li
        class="navbar-links-item"
      >
        <a
          href="/add-property"
        >
          Add Property Page
        </a>
      </li>
    </ul>
  </div>
</DocumentFragment>
`;
